// Jest Snapshot v1, https://goo.gl/fbAQLP

exports[`the <SubHeader /> component should render 1`] = `ShallowWrapper {}`;

exports[`the <SubHeader /> component should render with a dynamic title 1`] = `ShallowWrapper {}`;

exports[`the <SubHeader /> component should render with a form button 1`] = `ShallowWrapper {}`;

exports[`the <SubHeader /> component should render with a goBack button 1`] = `ShallowWrapper {}`;
